<?xml version="1.0" encoding="UTF-8"?>
<testsuites>
  <testsuite name="" tests="33" assertions="105" errors="0" warnings="0" failures="0" skipped="0" time="0.009654">
    <testsuite name="sharkpay Test Suite" tests="33" assertions="105" errors="0" warnings="0" failures="0" skipped="0" time="0.009654">
      <testsuite name="domipoppe\sharkpay\Tests\OrderTest" file="P:\Projekte\Software Dev\PHP\Composer\sharkpay\tests\OrderTest.php" tests="7" assertions="45" errors="0" warnings="0" failures="0" skipped="0" time="0.007540">
        <testcase name="testOrderMixedCurrenciesException" class="domipoppe\sharkpay\Tests\OrderTest" classname="domipoppe.sharkpay.Tests.OrderTest" file="P:\Projekte\Software Dev\PHP\Composer\sharkpay\tests\OrderTest.php" line="27" assertions="1" time="0.004633"/>
        <testcase name="testCartNoDiscountsSameTax" class="domipoppe\sharkpay\Tests\OrderTest" classname="domipoppe.sharkpay.Tests.OrderTest" file="P:\Projekte\Software Dev\PHP\Composer\sharkpay\tests\OrderTest.php" line="54" assertions="7" time="0.001338"/>
        <testcase name="testCartDiscountAmountSameTax" class="domipoppe\sharkpay\Tests\OrderTest" classname="domipoppe.sharkpay.Tests.OrderTest" file="P:\Projekte\Software Dev\PHP\Composer\sharkpay\tests\OrderTest.php" line="122" assertions="7" time="0.000325"/>
        <testcase name="testCartDiscountAmountMixedTax" class="domipoppe\sharkpay\Tests\OrderTest" classname="domipoppe.sharkpay.Tests.OrderTest" file="P:\Projekte\Software Dev\PHP\Composer\sharkpay\tests\OrderTest.php" line="158" assertions="7" time="0.000340"/>
        <testcase name="testCartDiscountAmountAndPercentageMixedTax" class="domipoppe\sharkpay\Tests\OrderTest" classname="domipoppe.sharkpay.Tests.OrderTest" file="P:\Projekte\Software Dev\PHP\Composer\sharkpay\tests\OrderTest.php" line="194" assertions="7" time="0.000331"/>
        <testcase name="testCartDiscountAmountAndPercentageSameTax" class="domipoppe\sharkpay\Tests\OrderTest" classname="domipoppe.sharkpay.Tests.OrderTest" file="P:\Projekte\Software Dev\PHP\Composer\sharkpay\tests\OrderTest.php" line="232" assertions="7" time="0.000331"/>
        <testcase name="testCartNoDiscountsMixedTax" class="domipoppe\sharkpay\Tests\OrderTest" classname="domipoppe.sharkpay.Tests.OrderTest" file="P:\Projekte\Software Dev\PHP\Composer\sharkpay\tests\OrderTest.php" line="87" assertions="9" time="0.000243"/>
      </testsuite>
      <testsuite name="domipoppe\sharkpay\Tests\CurrencyTest" file="P:\Projekte\Software Dev\PHP\Composer\sharkpay\tests\CurrencyTest.php" tests="16" assertions="16" errors="0" warnings="0" failures="0" skipped="0" time="0.001108">
        <testsuite name="domipoppe\sharkpay\Tests\CurrencyTest::testGetMainUnitString" tests="4" assertions="4" errors="0" warnings="0" failures="0" skipped="0" time="0.000271">
          <testcase name="testGetMainUnitString with data set &quot;#0 Data Set: 10 should return 10,00 €&quot;" class="domipoppe\sharkpay\Tests\CurrencyTest" classname="domipoppe.sharkpay.Tests.CurrencyTest" file="P:\Projekte\Software Dev\PHP\Composer\sharkpay\tests\CurrencyTest.php" line="25" assertions="1" time="0.000100"/>
          <testcase name="testGetMainUnitString with data set &quot;#1 Data Set: 1000 should return 1.000,00 €&quot;" class="domipoppe\sharkpay\Tests\CurrencyTest" classname="domipoppe.sharkpay.Tests.CurrencyTest" file="P:\Projekte\Software Dev\PHP\Composer\sharkpay\tests\CurrencyTest.php" line="25" assertions="1" time="0.000051"/>
          <testcase name="testGetMainUnitString with data set &quot;#2 Data Set: 0.50 should return 0,50 €&quot;" class="domipoppe\sharkpay\Tests\CurrencyTest" classname="domipoppe.sharkpay.Tests.CurrencyTest" file="P:\Projekte\Software Dev\PHP\Composer\sharkpay\tests\CurrencyTest.php" line="25" assertions="1" time="0.000057"/>
          <testcase name="testGetMainUnitString with data set &quot;#3 Data Set: 100.50 should return 100,50 €&quot;" class="domipoppe\sharkpay\Tests\CurrencyTest" classname="domipoppe.sharkpay.Tests.CurrencyTest" file="P:\Projekte\Software Dev\PHP\Composer\sharkpay\tests\CurrencyTest.php" line="25" assertions="1" time="0.000063"/>
        </testsuite>
        <testsuite name="domipoppe\sharkpay\Tests\CurrencyTest::testGetInSubUnit" tests="2" assertions="2" errors="0" warnings="0" failures="0" skipped="0" time="0.000147">
          <testcase name="testGetInSubUnit with data set &quot;#0 Data Set: 10.00€ should return 1000 (ct)&quot;" class="domipoppe\sharkpay\Tests\CurrencyTest" classname="domipoppe.sharkpay.Tests.CurrencyTest" file="P:\Projekte\Software Dev\PHP\Composer\sharkpay\tests\CurrencyTest.php" line="53" assertions="1" time="0.000098"/>
          <testcase name="testGetInSubUnit with data set &quot;#1 Data Set: 5.50€ should return 550 (ct)&quot;" class="domipoppe\sharkpay\Tests\CurrencyTest" classname="domipoppe.sharkpay.Tests.CurrencyTest" file="P:\Projekte\Software Dev\PHP\Composer\sharkpay\tests\CurrencyTest.php" line="53" assertions="1" time="0.000049"/>
        </testsuite>
        <testsuite name="domipoppe\sharkpay\Tests\CurrencyTest::testGetMainUnitStringNoSymbol" tests="4" assertions="4" errors="0" warnings="0" failures="0" skipped="0" time="0.000254">
          <testcase name="testGetMainUnitStringNoSymbol with data set &quot;#0 Data Set: 10 should return 10,00 €&quot;" class="domipoppe\sharkpay\Tests\CurrencyTest" classname="domipoppe.sharkpay.Tests.CurrencyTest" file="P:\Projekte\Software Dev\PHP\Composer\sharkpay\tests\CurrencyTest.php" line="39" assertions="1" time="0.000096"/>
          <testcase name="testGetMainUnitStringNoSymbol with data set &quot;#1 Data Set: 1000 should return 1.000,00 €&quot;" class="domipoppe\sharkpay\Tests\CurrencyTest" classname="domipoppe.sharkpay.Tests.CurrencyTest" file="P:\Projekte\Software Dev\PHP\Composer\sharkpay\tests\CurrencyTest.php" line="39" assertions="1" time="0.000055"/>
          <testcase name="testGetMainUnitStringNoSymbol with data set &quot;#2 Data Set: 0.50 should return 0,50 €&quot;" class="domipoppe\sharkpay\Tests\CurrencyTest" classname="domipoppe.sharkpay.Tests.CurrencyTest" file="P:\Projekte\Software Dev\PHP\Composer\sharkpay\tests\CurrencyTest.php" line="39" assertions="1" time="0.000052"/>
          <testcase name="testGetMainUnitStringNoSymbol with data set &quot;#3 Data Set: 100.50 should return 100,50 €&quot;" class="domipoppe\sharkpay\Tests\CurrencyTest" classname="domipoppe.sharkpay.Tests.CurrencyTest" file="P:\Projekte\Software Dev\PHP\Composer\sharkpay\tests\CurrencyTest.php" line="39" assertions="1" time="0.000051"/>
        </testsuite>
        <testsuite name="domipoppe\sharkpay\Tests\CurrencyTest::testGetSubUnitString" tests="3" assertions="3" errors="0" warnings="0" failures="0" skipped="0" time="0.000206">
          <testcase name="testGetSubUnitString with data set &quot;#0 Data Set: 5.10€ should return 510 ct&quot;" class="domipoppe\sharkpay\Tests\CurrencyTest" classname="domipoppe.sharkpay.Tests.CurrencyTest" file="P:\Projekte\Software Dev\PHP\Composer\sharkpay\tests\CurrencyTest.php" line="67" assertions="1" time="0.000097"/>
          <testcase name="testGetSubUnitString with data set &quot;#1 Data Set: 1000€ should return 100000 ct&quot;" class="domipoppe\sharkpay\Tests\CurrencyTest" classname="domipoppe.sharkpay.Tests.CurrencyTest" file="P:\Projekte\Software Dev\PHP\Composer\sharkpay\tests\CurrencyTest.php" line="67" assertions="1" time="0.000052"/>
          <testcase name="testGetSubUnitString with data set &quot;#2 Data Set: 0.50€ should return 50 ct&quot;" class="domipoppe\sharkpay\Tests\CurrencyTest" classname="domipoppe.sharkpay.Tests.CurrencyTest" file="P:\Projekte\Software Dev\PHP\Composer\sharkpay\tests\CurrencyTest.php" line="67" assertions="1" time="0.000056"/>
        </testsuite>
        <testsuite name="domipoppe\sharkpay\Tests\CurrencyTest::testGetSubUnitStringNoSymbol" tests="3" assertions="3" errors="0" warnings="0" failures="0" skipped="0" time="0.000232">
          <testcase name="testGetSubUnitStringNoSymbol with data set &quot;#0 Data Set: 5.10€ should return 510 ct&quot;" class="domipoppe\sharkpay\Tests\CurrencyTest" classname="domipoppe.sharkpay.Tests.CurrencyTest" file="P:\Projekte\Software Dev\PHP\Composer\sharkpay\tests\CurrencyTest.php" line="81" assertions="1" time="0.000123"/>
          <testcase name="testGetSubUnitStringNoSymbol with data set &quot;#1 Data Set: 1000€ should return 100000 ct&quot;" class="domipoppe\sharkpay\Tests\CurrencyTest" classname="domipoppe.sharkpay.Tests.CurrencyTest" file="P:\Projekte\Software Dev\PHP\Composer\sharkpay\tests\CurrencyTest.php" line="81" assertions="1" time="0.000056"/>
          <testcase name="testGetSubUnitStringNoSymbol with data set &quot;#2 Data Set: 0.50€ should return 50 ct&quot;" class="domipoppe\sharkpay\Tests\CurrencyTest" classname="domipoppe.sharkpay.Tests.CurrencyTest" file="P:\Projekte\Software Dev\PHP\Composer\sharkpay\tests\CurrencyTest.php" line="81" assertions="1" time="0.000053"/>
        </testsuite>
      </testsuite>
      <testsuite name="domipoppe\sharkpay\Tests\DiscountTest" file="P:\Projekte\Software Dev\PHP\Composer\sharkpay\tests\DiscountTest.php" tests="3" assertions="3" errors="0" warnings="0" failures="0" skipped="0" time="0.000201">
        <testsuite name="domipoppe\sharkpay\Tests\DiscountTest::testGetDiscount" tests="3" assertions="3" errors="0" warnings="0" failures="0" skipped="0" time="0.000201">
          <testcase name="testGetDiscount with data set &quot;#0 Data Set: 10€ Netto, 10% Discount | Expect 1.00€ Discount Value&quot;" class="domipoppe\sharkpay\Tests\DiscountTest" classname="domipoppe.sharkpay.Tests.DiscountTest" file="P:\Projekte\Software Dev\PHP\Composer\sharkpay\tests\DiscountTest.php" line="28" assertions="1" time="0.000104"/>
          <testcase name="testGetDiscount with data set &quot;#1 Data Set: 4210€ Netto, 105% Discount | Expect 1.00€ Discount Value&quot;" class="domipoppe\sharkpay\Tests\DiscountTest" classname="domipoppe.sharkpay.Tests.DiscountTest" file="P:\Projekte\Software Dev\PHP\Composer\sharkpay\tests\DiscountTest.php" line="28" assertions="1" time="0.000048"/>
          <testcase name="testGetDiscount with data set &quot;#2 Data Set: 10€ Netto, 5€ Discount | Expect 5.00€ Discount Value&quot;" class="domipoppe\sharkpay\Tests\DiscountTest" classname="domipoppe.sharkpay.Tests.DiscountTest" file="P:\Projekte\Software Dev\PHP\Composer\sharkpay\tests\DiscountTest.php" line="28" assertions="1" time="0.000048"/>
        </testsuite>
      </testsuite>
      <testsuite name="domipoppe\sharkpay\Tests\PositionTest" file="P:\Projekte\Software Dev\PHP\Composer\sharkpay\tests\PositionTest.php" tests="2" assertions="12" errors="0" warnings="0" failures="0" skipped="0" time="0.000232">
        <testsuite name="domipoppe\sharkpay\Tests\PositionTest::testPosition" tests="2" assertions="12" errors="0" warnings="0" failures="0" skipped="0" time="0.000232">
          <testcase name="testPosition with data set &quot;#0 Data Set: 10€ Netto, 2 Quantity&quot;" class="domipoppe\sharkpay\Tests\PositionTest" classname="domipoppe.sharkpay.Tests.PositionTest" file="P:\Projekte\Software Dev\PHP\Composer\sharkpay\tests\PositionTest.php" line="32" assertions="6" time="0.000146"/>
          <testcase name="testPosition with data set &quot;#1 Data Set: 1312.51€ Netto, 4.5 Quantity&quot;" class="domipoppe\sharkpay\Tests\PositionTest" classname="domipoppe.sharkpay.Tests.PositionTest" file="P:\Projekte\Software Dev\PHP\Composer\sharkpay\tests\PositionTest.php" line="32" assertions="6" time="0.000086"/>
        </testsuite>
      </testsuite>
      <testsuite name="domipoppe\sharkpay\Tests\PriceTest" file="P:\Projekte\Software Dev\PHP\Composer\sharkpay\tests\PriceTest.php" tests="3" assertions="27" errors="0" warnings="0" failures="0" skipped="0" time="0.000430">
        <testsuite name="domipoppe\sharkpay\Tests\PriceTest::testPrices" tests="3" assertions="27" errors="0" warnings="0" failures="0" skipped="0" time="0.000430">
          <testcase name="testPrices with data set &quot;#0 Data Set: 10€ Netto - 11.90€ Brutto - 1.90€ Tax&quot;" class="domipoppe\sharkpay\Tests\PriceTest" classname="domipoppe.sharkpay.Tests.PriceTest" file="P:\Projekte\Software Dev\PHP\Composer\sharkpay\tests\PriceTest.php" line="35" assertions="9" time="0.000187"/>
          <testcase name="testPrices with data set &quot;#1 Data Set: 9.34€ Netto - 11.1146€ Brutto - 1.7746€ Tax&quot;" class="domipoppe\sharkpay\Tests\PriceTest" classname="domipoppe.sharkpay.Tests.PriceTest" file="P:\Projekte\Software Dev\PHP\Composer\sharkpay\tests\PriceTest.php" line="35" assertions="9" time="0.000113"/>
          <testcase name="testPrices with data set &quot;#2 Data Set: 2.10€ Netto - 2.499€ Brutto - 0.399€ Tax&quot;" class="domipoppe\sharkpay\Tests\PriceTest" classname="domipoppe.sharkpay.Tests.PriceTest" file="P:\Projekte\Software Dev\PHP\Composer\sharkpay\tests\PriceTest.php" line="35" assertions="9" time="0.000130"/>
        </testsuite>
      </testsuite>
      <testsuite name="domipoppe\sharkpay\Tests\TaxTest" file="P:\Projekte\Software Dev\PHP\Composer\sharkpay\tests\TaxTest.php" tests="2" assertions="2" errors="0" warnings="0" failures="0" skipped="0" time="0.000142">
        <testsuite name="domipoppe\sharkpay\Tests\TaxTest::testGetTaxFromAmount" tests="2" assertions="2" errors="0" warnings="0" failures="0" skipped="0" time="0.000142">
          <testcase name="testGetTaxFromAmount with data set &quot;#0 Data Set: When 2,00 € we expect 0,38 € tax (19%)&quot;" class="domipoppe\sharkpay\Tests\TaxTest" classname="domipoppe.sharkpay.Tests.TaxTest" file="P:\Projekte\Software Dev\PHP\Composer\sharkpay\tests\TaxTest.php" line="24" assertions="1" time="0.000090"/>
          <testcase name="testGetTaxFromAmount with data set &quot;#1 Data Set: When 0,15 € we expect 0,0285 € tax (19%)&quot;" class="domipoppe\sharkpay\Tests\TaxTest" classname="domipoppe.sharkpay.Tests.TaxTest" file="P:\Projekte\Software Dev\PHP\Composer\sharkpay\tests\TaxTest.php" line="24" assertions="1" time="0.000052"/>
        </testsuite>
      </testsuite>
    </testsuite>
  </testsuite>
</testsuites>
